[mikvachallenge.org/index.html]
[backblue.gif]
[fade.gif]
[index.html]
[use.typekit.net/dtm4tzd.css]
[mikvachallenge.org/wp-content/themes/radracer4.1/img/favicons/apple-touch-icon178f.png]
[mikvachallenge.org/wp-content/themes/radracer4.1/img/favicons/favicon-32x32178f.png]
[mikvachallenge.org/wp-content/themes/radracer4.1/img/favicons/favicon-16x16b8ab.png]
[mikvachallenge.org/wp-content/themes/radracer4.1/img/favicons/site178f.webmanifest]
[mikvachallenge.org/wp-content/themes/radracer4.1/img/favicons/safari-pinned-tab178f.svg]
[mikvachallenge.org/wp-content/themes/radracer4.1/img/favicons/favicon178f.ico]
[mikvachallenge.org/wp-content/themes/radracer4.1/img/favicons/browserconfig178f.xml]
[mikvachallenge.org/wp-content/plugins/instagram-feed-pro/css/sb-instagram.min40df.css]
[mikvachallenge.org/wp-content/themes/radracer4.1/_initializec225.css]
[mikvachallenge.org/wp-content/themes/radracer4.1/js/lity/lityc225.css]
[unpkg.com/aos@2.3.1/dist/aos.css]
[mikvachallenge.org/wp-content/themes/radracer4.1/stylec225.css]
[code.jquery.com/jquery-3.3.1.min3d36.js]
[code.jquery.com/jquery-migrate-3.0.1.min41fe.js]
[mikvachallenge.org/wp-content/plugins/instagram-feed-pro/js/sb-instagram.min40df.js]
[ajax.googleapis.com/ajax/libs/jqueryui/1.12.1/jquery-ui.min68b3.js]
[unpkg.com/aos@2.3.1/dist/aos.js]
[cdnjs.cloudflare.com/ajax/libs/ScrollMagic/2.0.6/ScrollMagic68b3.js]
[mikvachallenge.org/wp-content/themes/radracer4.1/js/lity/lity68b3.js]
[mikvachallenge.org/wp-content/themes/radracer4.1/js/simple-expand68b3.js]
[mikvachallenge.org/wp-content/themes/radracer4.1/js/jquery.animateNumber.min68b3.js]
[mikvachallenge.org/wp-content/themes/radracer4.1/js/jquery.disablescroll.min68b3.js]
[mikvachallenge.org/wp-content/themes/radracer4.1/js/myscripts68b3.js]
[mikvachallenge.org/xmlrpc0db0.php]
[mikvachallenge.org/wp-includes/wlwmanifest.xml]
[mikvachallenge.org/wp-json/index.html]
[mikvachallenge.org/wp-json/oembed/1.0/embed80f6.json]
[mikvachallenge.org/wp-json/oembed/1.0/embed5e01]
[mikvachallenge.org/wp-content/uploads/2019/05/mikva-challenge-logo.png]
[mikvachallenge.org/wp-content/uploads/2019/05/DSC_0149.jpg]
[mikvachallenge.org/blog/our-commitment-to-racial-justice-and-root-cause-work/index.html]
[mikvachallenge.org/wp-content/uploads/2019/05/Mikva_071916_0204.jpg]
[mikvachallenge.org/wp-content/uploads/2019/05/Mikva_071916_0324.jpg]
[i3.ytimg.com/vi/4DtnjdyrQLo/maxresdefault.jpg]
[mikvachallenge.org/get-involved/index.html]
[i3.ytimg.com/vi/MOm_L1ZMJJw/maxresdefault.jpg]
[i3.ytimg.com/vi/8uivGQoOPdM/maxresdefault.jpg]
[mikvachallenge.org/get-involved/founders-circle/index.html]
[mikvachallenge.org/get-involved/educators/index.html]
[i3.ytimg.com/vi/pt0jPVYmQBU/maxresdefault.jpg]
[mikvachallenge.org/get-involved/youth/index.html]
[mikvachallenge.org/donate/index.html]
[mikvachallenge.org/get-involved/careers/index.html]
[mikvachallenge.org/about-us/index.html]
[mikvachallenge.org/get-involved/events/index.html]
[mikvachallenge.org/wp-content/uploads/2020/06/Mikva-is-your-school-ready.png]
[mikvachallenge.org/about-us/history/index.html]
[mikvachallenge.org/about-us/abner-and-zoe/index.html]
[mikvachallenge.org/wp-content/uploads/2020/06/Screen-Shot-2020-06-03-at-8.08.11-PM.png]
[mikvachallenge.org/about-us/team/index.html]
[mikvachallenge.org/about-us/boards/index.html]
[mikvachallenge.org/about-us/supporters/index.html]
[mikvachallenge.org/wp-content/uploads/2020/06/kfKPrNBw-scaled.jpg]
[mikvachallenge.org/our-work/index.html]
[mikvachallenge.org/wp-content/uploads/2020/06/Thank-You-Banner-01.png]
[mikvachallenge.org/our-work/theory-of-change/index.html]
[mikvachallenge.org/our-work/programs/index.html]
[scontent-iad3-1.cdninstagram.com/v/t51.2885-15/103710193_388047828819976_6792305108693066037_n09f4.jpg]
[mikvachallenge.org/our-work/impact/index.html]
[mikvachallenge.org/our-work/youth-voices/index.html]
[mikvachallenge.org/wp-content/plugins/instagram-feed-pro/img/placeholder.png]
[mikvachallenge.org/our-work/reflections/index.html]
[scontent-iad3-1.cdninstagram.com/v/t51.2885-15/102557352_710398599518726_7963676269435461456_n4a7f.jpg]
[mikvachallenge.org/teacher-resources/index.html]
[scontent-iad3-1.cdninstagram.com/v/t51.2885-15/81197852_2657714574332964_289994117153540656_n20a0.jpg]
[mikvachallenge.org/locations/index.html]
[mikvachallenge.org/wp-content/uploads/2020/01/Mikva-Challenge-Kit_OCT-2019.pdf]
[mikvachallenge.org/wp-content/plugins/page-scroll-to-id/js/page-scroll-to-id.min694e.js]
[mikvachallenge.org/locations/illinois/index.html]
[mikvachallenge.org/wp-content/themes/radracer4.1/js/jquery.resizeimagetoparent8a54.js]
[mikvachallenge.org/locations/california/index.html]
[mikvachallenge.org/wp-includes/js/wp-embed.minc225.js]
[mikvachallenge.org/index.html]
[mikvachallenge.org/wp-content/plugins/ajax-load-more/core/dist/js/ajax-load-more.min03ec.js]
[mikvachallenge.org/locations/washington-dc/index.html]
[mikvachallenge.org/locations/partner-sites/index.html]
[use.typekit.net/af/9395af/00000000000000003b9b2046/27/le196]
[use.typekit.net/af/9395af/00000000000000003b9b2046/27/de196]
[mikvachallenge.org/news/index.html]
[use.typekit.net/af/9395af/00000000000000003b9b2046/27/ae196]
[mikvachallenge.org/contact/index.html]
[use.typekit.net/af/8a200c/00000000000000003b9b204a/27/l5bba]
[mikvachallenge.org/blog/is-your-school-ready/index.html]
[use.typekit.net/af/8a200c/00000000000000003b9b204a/27/d5bba]
[mikvachallenge.org/blog/mikva-dc-educators-on-serving-their-students-during-covid-19/index.html]
[use.typekit.net/af/8a200c/00000000000000003b9b204a/27/a5bba]
[mikvachallenge.org/media/index.html]
[use.typekit.net/af/d562ce/00000000000000003b9b204c/27/l652f]
[mikvachallenge.org/blog/outpouring-of-support-for-chicagolands-youth/index.html]
[mikvachallenge.org/white-papers/index.html]
[mikvachallenge.org/fact-sheets/index.html]
[use.typekit.net/af/d562ce/00000000000000003b9b204c/27/d652f]
[mikvachallenge.org/annual-reports/index.html]
[mikvachallenge.org/virtualresources/index.html]
[use.typekit.net/af/d562ce/00000000000000003b9b204c/27/a652f]
[mikvachallenge.org/teacher-resources/mikva-action-civics-summer-institute/index.html]
[mikvachallenge.org/curricula/index.html]
[mikvachallenge.org/teacher-resources/professional-development/index.html]
[use.typekit.net/af/1285d2/00000000000000003b9b2050/27/le196]
[use.typekit.net/af/1285d2/00000000000000003b9b2050/27/de196]
[mikvachallenge.org/get-involved/volunteers/index.html]
[use.typekit.net/af/1285d2/00000000000000003b9b2050/27/ae196]
[use.typekit.net/af/550c82/00000000000000003b9b2052/27/le003]
[use.typekit.net/af/550c82/00000000000000003b9b2052/27/de003]
[use.typekit.net/af/550c82/00000000000000003b9b2052/27/ae003]
[use.typekit.net/af/abbb5b/00000000000000003b9b2054/27/l652f]
[use.typekit.net/af/abbb5b/00000000000000003b9b2054/27/d652f]
[use.typekit.net/af/abbb5b/00000000000000003b9b2054/27/a652f]
[use.typekit.net/dtm4tzd.css]
[mikvachallenge.org/wp-content/themes/radracer4.1/img/favicons/safari-pinned-tab178f.svg]
[mikvachallenge.org/wp-content/plugins/instagram-feed-pro/img/sbi-sprite.png]
[mikvachallenge.org/wp-content/plugins/instagram-feed-pro/img/small-logo.png]
[mikvachallenge.org/wp-content/plugins/instagram-feed-pro/css/sb-instagram.min40df.css]
[mikvachallenge.org/wp-content/themes/radracer4.1/_initializec225.css]
[mikvachallenge.org/wp-content/themes/radracer4.1/js/lity/lityc225.css]
[unpkg.com/aos@2.3.1/dist/aos.css]
[mikvachallenge.org/wp-content/themes/radracer4.1/webfonts/latinotype_-_recoleta_alt_bold.eot]
[mikvachallenge.org/wp-content/themes/radracer4.1/webfonts/latinotype_-_recoleta_alt_boldd41d.eot]
[mikvachallenge.org/wp-content/themes/radracer4.1/webfonts/latinotype_-_recoleta_alt_bold.woff2]
[mikvachallenge.org/wp-content/themes/radracer4.1/webfonts/latinotype_-_recoleta_alt_bold.woff]
[mikvachallenge.org/wp-content/themes/radracer4.1/webfonts/latinotype_-_recoleta_alt_bold.ttf]
[mikvachallenge.org/wp-content/themes/radracer4.1/webfonts/latinotype_-_recoleta_alt_bold.svg]
[mikvachallenge.org/wp-content/themes/radracer4.1/img/search.svg]
[mikvachallenge.org/wp-content/themes/radracer4.1/img/mikva-loader.gif]
[mikvachallenge.org/wp-content/themes/radracer4.1/img/mikva-loader-salmon.gif]
[mikvachallenge.org/wp-content/themes/radracer4.1/img/instagram-logo.png]
[mikvachallenge.org/wp-content/themes/radracer4.1/img/expander-arrow.png]
[mikvachallenge.org/wp-content/themes/radracer4.1/img/expander-arrow-up.png]
[mikvachallenge.org/wp-content/themes/radracer4.1/img/expander-arrow.svg]
[mikvachallenge.org/wp-content/themes/radracer4.1/img/expander-arrow-grey.png]
[mikvachallenge.org/wp-content/themes/radracer4.1/stylec225.css]
[mikvachallenge.org/wp-json/oembed/1.0/embed1583.json]
[mikvachallenge.org/blog/our-commitment-to-racial-justice-and-root-cause-work/feed/index.html]
[mikvachallenge.org/wp-json/oembed/1.0/embed4e1e]
[mikvachallenge.org/wp-content/uploads/2019/05/0012_DSC_0172.jpg]
[mikvachallenge.org/blog/category/news/index.html]
[mikvachallenge.org/blog/category/events/index.html]
[player.vimeo.com/api/player.js]
[www.instagram.com/static/bundles/metro/EmbedSDK.js/5dbd6b0d15ed.js]
[mikvachallenge.org/wp-content/uploads/2020/06/Root-Cause-Tree-for-Teachers.pdf]
[mikvachallenge.org/blog/our-commitment-to-racial-justice-and-root-cause-work/index.html]
[mikvachallenge.org/wp-json/oembed/1.0/embedfb9b.json]
[mikvachallenge.org/wp-json/oembed/1.0/embed88f6]
[mikvachallenge.org/wp-content/uploads/2019/05/Mikva_soapbox_080416-2192.jpg]
[mikvachallenge.org/wp-content/uploads/2019/05/Mikva_071916_0381.jpg]
[mikvachallenge.org/wp-content/uploads/2019/05/Mikva_soapbox_080416-1657.jpg]
[mikvachallenge.org/wp-content/uploads/2019/05/DSC_0071.jpg]
[mikvachallenge.org/wp-content/uploads/2019/05/Mikva_071916_0216-recrop2.jpg]
[mikvachallenge.org/wp-content/uploads/2019/05/0008_Mikva_071916_0020.jpg]
[mikvachallenge.org/get-involved/index.html]
[mikvachallenge.org/wp-json/oembed/1.0/embed074c.json]
[mikvachallenge.org/wp-json/oembed/1.0/embed2989]
[mikvachallenge.org/wp-content/uploads/2019/09/BEST-201708-Final-Group-Pictures-008.jpg]
[mikvachallenge.org/wp-content/uploads/2014/10/brian.jpg]
[mikvachallenge.org/wp-content/uploads/2019/09/DSC_0121-1280x852.jpg]
[mikvachallenge.org/get-involved/founders-circle/index.html]
[mikvachallenge.org/wp-json/oembed/1.0/embed37ce.json]
[mikvachallenge.org/wp-json/oembed/1.0/embed699a]
[mikvachallenge.org/wp-content/uploads/2019/05/0005_Mikva_071916_0309.jpg]
[mikvachallenge.org/wp-content/uploads/2019/05/0007_Mikva_071916_0181.jpg]
[mikvachallenge.org/wp-content/uploads/2019/05/Mikva_soapbox_080416-1578.jpg]
[mikvachallenge.org/wp-content/uploads/2019/05/0004_Mikva_071916_0430.jpg]
[mikvachallenge.org/wp-content/plugins/gravityforms/css/formreset.min02fa.css]
[mikvachallenge.org/wp-content/plugins/gravityforms/css/formsmain.min02fa.css]
[mikvachallenge.org/wp-content/plugins/gravityforms/css/readyclass.min02fa.css]
[mikvachallenge.org/wp-content/plugins/gravityforms/css/browsers.min02fa.css]
[mikvachallenge.org/get-involved/educators/index.html]
[mikvachallenge.org/wp-content/plugins/gravity-forms-duplicate-prevention/gravityforms-duplicateprevention4116.js]
[mikvachallenge.org/wp-json/oembed/1.0/embedd187.json]
[mikvachallenge.org/wp-json/oembed/1.0/embedf0cd]
[mikvachallenge.org/wp-content/uploads/2019/05/IMG_7867.jpg]
[mikvachallenge.org/wp-content/uploads/2020/03/Mikva-Summer-Photos-006-scaled-e1583952296486.jpg]
[mikvachallenge.org/wp-content/uploads/2019/05/0016_16CITIZENU_FRI-088.jpg]
[mikvachallenge.org/get-involved/youth/index.html]
[mikvachallenge.org/our-work/programs/project-soapbox/index.html]
[mikvachallenge.org/general-program-application/index.html]
[mikvachallenge.org/wp-json/oembed/1.0/embed6129.json]
[mikvachallenge.org/wp-json/oembed/1.0/embedb32b]
[mikvachallenge.org/wp-content/uploads/2019/05/IMG_9095-1.jpg]
[mikvachallenge.org/wp-content/uploads/2019/09/MIKVA-Action-Civic-2019-178-e1571329669497-1280x707.jpg]
[mikvachallenge.org/wp-content/uploads/2018/01/mary-carlson-e1560529805563.jpg]
[mikvachallenge.org/donate/index.html]
[mikvachallenge.org/wp-json/oembed/1.0/embed14c7.json]
[mikvachallenge.org/wp-json/oembed/1.0/embed8027]
[mikvachallenge.org/wp-content/uploads/2019/06/mic-mikvs1.jpg]
[mikvachallenge.org/wp-content/uploads/2020/06/Thank-You-Banner-01-1280x914.png]
[mikvachallenge.org/wp-content/uploads/2020/02/Screen-Shot-2020-02-03-at-10.58.34-AM-1280x804.png]
[mikvachallenge.org/wp-content/uploads/2020/01/Website-Banner-01-1280x631.png]
[mikvachallenge.org/blog/mikva-challenge-dc-2020-spring-benefit/index.html]
[mikvachallenge.org/wp-content/uploads/2019/11/IMG_0787-1280x853.jpg]
[mikvachallenge.org/blog/21st-annual-spring-benefit/index.html]
[mikvachallenge.org/wp-content/uploads/2019/09/Screen-Shot-2019-09-24-at-11.30.41-AM.png]
[mikvachallenge.org/blog/mikvas-robyn-lingo-sits-in-on-the-kojo-nnamdi-show-what-do-local-students-think-of-national-politics/index.html]
[mikvachallenge.org/blog/young-people-are-leaders-now/index.html]
[mikvachallenge.org/wp-content/uploads/2019/05/IMG_9095-1-1280x853.jpg]
[mikvachallenge.org/wp-content/uploads/2019/07/SoapboxNation5-1280x748.jpg]
[mikvachallenge.org/get-involved/events/index.html]
[mikvachallenge.org/blog/is-democracy-a-verb/index.html]
[mikvachallenge.org/blog/summer-institute-2019/index.html]
[mikvachallenge.org/blog/soapbox-nation-youth-speech-showcase/index.html]
[mikvachallenge.org/wp-json/oembed/1.0/embedc257.json]
[mikvachallenge.org/wp-json/oembed/1.0/embed4ea8]
[mikvachallenge.org/wp-content/uploads/2019/05/IMG_1257.jpg]
[mikvachallenge.org/get-involved/careers/index.html]
[mikvachallenge.org/careers/major-gifts-officer-full-time/index.html]
[mikvachallenge.org/wp-json/oembed/1.0/embed65b9.json]
[mikvachallenge.org/wp-json/oembed/1.0/embed89ca]
[mikvachallenge.org/wp-content/uploads/2019/05/DSC_0184-1.jpg]
[mikvachallenge.org/wp-content/uploads/2019/05/0018_00000001-33-1-dragged.jpg]
[mikvachallenge.org/about-us/index.html]
[mikvachallenge.org/wp-json/oembed/1.0/embedde10.json]
[mikvachallenge.org/wp-json/oembed/1.0/embedd12f]
[mikvachallenge.org/wp-content/uploads/2019/06/00000001-27-e1560782502103.jpg]
[mikvachallenge.org/wp-content/uploads/2019/05/0017_1.jpg]
[mikvachallenge.org/wp-content/uploads/2019/06/mikva-history-19951-e1559921624998.jpg]
[mikvachallenge.org/wp-content/uploads/2019/05/Ab-John-Rogers-19991.jpg]
[mikvachallenge.org/wp-content/uploads/2019/06/NH_BB-Aziza-Mike-Good-Catherine-M_2004.jpg]
[mikvachallenge.org/wp-content/uploads/2019/06/New-Hampshire_2008.jpg]
[mikvachallenge.org/wp-content/uploads/2019/06/Meeting-with-Rahm-2011.jpg]
[mikvachallenge.org/wp-content/uploads/2019/06/MM-2015.jpg]
[mikvachallenge.org/wp-content/uploads/2019/05/0009_DSC_0557.jpg]
[mikvachallenge.org/about-us/history/index.html]
[mikvachallenge.org/wp-json/oembed/1.0/embedc5d1.json]
[mikvachallenge.org/wp-json/oembed/1.0/embed2dfe]
[mikvachallenge.org/wp-content/uploads/2019/05/00000001-15-cropped-e1558118557494.jpg]
[mikvachallenge.org/wp-content/uploads/2019/05/1997.jpg]
[mikvachallenge.org/wp-content/uploads/2019/06/2b.jpg]
[mikvachallenge.org/about-us/abner-and-zoe/index.html]
[mikvachallenge.org/wp-json/oembed/1.0/embedca4a.json]
[mikvachallenge.org/wp-json/oembed/1.0/embed4470]
[mikvachallenge.org/about-us/boards/index.html]
[mikvachallenge.org/wp-json/oembed/1.0/embedaa9c.json]
[mikvachallenge.org/wp-json/oembed/1.0/embede92e]
[mikvachallenge.org/wp-content/uploads/2019/06/jill-bass-e1560376980102.jpg]
[mikvachallenge.org/wp-content/uploads/2014/10/kayla-cruz.jpg]
[mikvachallenge.org/wp-content/uploads/2019/06/camille-rampersaud.jpg]
[mikvachallenge.org/wp-content/uploads/2014/10/mia-salamone.jpg]
[mikvachallenge.org/wp-content/uploads/2019/05/mikva-challenge-on-red.jpg]
[mikvachallenge.org/wp-content/uploads/2019/07/tyler2.jpg]
[mikvachallenge.org/wp-content/uploads/2019/06/veronica-bonahan.jpg]
[mikvachallenge.org/wp-content/uploads/2019/06/crystal-cabada.jpg]
[mikvachallenge.org/wp-content/uploads/2014/10/karla-morin-castilla.jpg]
[mikvachallenge.org/wp-content/uploads/2018/06/IMG_9635-e1528397208951.jpg]
[mikvachallenge.org/wp-content/uploads/2014/10/jamie-dillon.jpg]
[mikvachallenge.org/wp-content/uploads/2016/06/James-e1466454820444.jpg]
[mikvachallenge.org/wp-content/uploads/2014/10/meghan-goldenstein.jpg]
[mikvachallenge.org/wp-content/uploads/2019/06/vernee-green.jpg]
[mikvachallenge.org/wp-content/uploads/2016/09/Monica-e1475026008653.jpg]
[mikvachallenge.org/wp-content/uploads/2019/11/This-one-e1572645362318.jpg]
[mikvachallenge.org/wp-content/uploads/2014/10/mark-muniz.jpg]
[mikvachallenge.org/wp-content/uploads/2019/05/lakesha-nelson.jpg]
[mikvachallenge.org/wp-content/uploads/2018/08/IMG_9970-e1535131879294.jpg]
[mikvachallenge.org/wp-content/uploads/2016/09/Kenneth-Porter.png]
[mikvachallenge.org/wp-content/uploads/2018/08/IMG_9965-e1534962106452.jpg]
[mikvachallenge.org/wp-content/uploads/2019/07/Barbara.jpg]
[mikvachallenge.org/wp-content/uploads/2014/10/kristen-sparks.jpg]
[mikvachallenge.org/wp-content/uploads/2019/06/marie-tapp.jpg]
[mikvachallenge.org/wp-content/uploads/2019/07/IMG_1167-e1563896020411.jpg]
[mikvachallenge.org/wp-content/uploads/2014/10/justine-hipsky.jpg]
[mikvachallenge.org/wp-content/uploads/2014/10/machee-kelly.jpg]
[mikvachallenge.org/wp-content/uploads/2014/10/robyn-lingo.jpg]
[mikvachallenge.org/wp-content/uploads/2019/08/Voncia-Monchais-e1567526590549.jpg]
[mikvachallenge.org/about-us/team/index.html]
[mikvachallenge.org/wp-json/oembed/1.0/embedb110.json]
[mikvachallenge.org/wp-json/oembed/1.0/embede7f1]
[mikvachallenge.org/about-us/supporters/index.html]
[mikvachallenge.org/wp-json/oembed/1.0/embed561b.json]
[mikvachallenge.org/wp-json/oembed/1.0/embed5b7b]
[mikvachallenge.org/wp-content/uploads/2019/05/Mikva_071916_0524.jpg]
[mikvachallenge.org/wp-content/uploads/2019/05/0013_DSC_0144-1024x640.jpg]
[mikvachallenge.org/wp-content/uploads/2019/05/youth-voices-_0011_Cecilia-1280x720.jpg]
[mikvachallenge.org/wp-content/uploads/2019/05/youth-voices-_0010_Ezra-1280x720.jpg]
[mikvachallenge.org/wp-content/uploads/2019/05/youth-voices-_0009_Alirah-1280x720.jpg]
[mikvachallenge.org/our-work/programs/action-civics-classrooms/index.html]
[mikvachallenge.org/wp-content/uploads/2019/05/youth-voices-_0008_Alberto-1280x720.jpg]
[mikvachallenge.org/our-work/programs/action-civics-classrooms/showcasing-youth-action/index.html]
[mikvachallenge.org/our-work/programs/action-civics-classrooms/issues-to-action/index.html]
[mikvachallenge.org/our-work/programs/elections-and-campaign-experiences/index.html]
[mikvachallenge.org/wp-content/uploads/2019/05/DSC_0301.jpg]
[mikvachallenge.org/our-work/programs/youth-led-advocacy/teen-health-council/index.html]
[mikvachallenge.org/our-work/programs/youth-led-advocacy/cps-student-advisory-council/index.html]
[mikvachallenge.org/our-work/index.html]
[mikvachallenge.org/our-work/programs/youth-led-advocacy/index.html]
[mikvachallenge.org/our-work/programs/youth-led-advocacy/juvenile-justice-council/index.html]
[mikvachallenge.org/our-work/programs/youth-led-advocacy/chicago-housing-authority-youth-council/index.html]
[mikvachallenge.org/our-work/programs/youth-led-advocacy/youth-safety-advisory-council/index.html]
[mikvachallenge.org/wp-json/oembed/1.0/embed9ee7.json]
[mikvachallenge.org/wp-json/oembed/1.0/embed58c3]
[mikvachallenge.org/wp-content/uploads/2019/05/Mikva_071916_0788.jpg]
[mikvachallenge.org/wp-content/uploads/2019/05/Mikva_071916_0377.jpg]
[mikvachallenge.org/wp-content/uploads/2019/05/DSC_0592.jpg]
[mikvachallenge.org/wp-content/uploads/2019/05/Mikva_071916_0443.jpg]
[mikvachallenge.org/wp-content/uploads/2019/05/DSC_0619.jpg]
[mikvachallenge.org/wp-content/uploads/2019/05/Mikva_soapbox_080416-1983.jpg]
[mikvachallenge.org/wp-content/uploads/2019/05/Mikva_071916_0922.jpg]
[mikvachallenge.org/wp-content/uploads/2019/05/DSC_0577.jpg]
[mikvachallenge.org/our-work/theory-of-change/index.html]
[mikvachallenge.org/wp-json/oembed/1.0/embeda046.json]
[mikvachallenge.org/wp-json/oembed/1.0/embed04b2]
[mikvachallenge.org/wp-content/uploads/2019/05/0010_DSC_0337.jpg]
[mikvachallenge.org/wp-content/uploads/2019/05/0006_Mikva_071916_0191-1024x640.jpg]
[mikvachallenge.org/wp-content/uploads/2019/05/16CITIZENU_FRI-085-647x1024.jpg]
[mikvachallenge.org/wp-content/uploads/2019/05/Mikva_soapbox_080416-1569-1057x1024.jpg]
[mikvachallenge.org/wp-content/uploads/2019/05/0012_DSC_0172-1024x640.jpg]
[mikvachallenge.org/wp-content/uploads/2019/05/Mikva_soapbox_080416-1657-1.jpg]
[mikvachallenge.org/our-work/programs/index.html]
[mikvachallenge.org/wp-json/oembed/1.0/embed8ea2.json]
[mikvachallenge.org/wp-json/oembed/1.0/embed7d40]
[mikvachallenge.org/wp-content/uploads/2019/05/0013_DSC_0144.jpg]
[mikvachallenge.org/our-work/impact/index.html]
[mikvachallenge.org/wp-json/oembed/1.0/embedfed8.json]
[mikvachallenge.org/wp-json/oembed/1.0/embedb086]
[mikvachallenge.org/wp-content/uploads/2019/05/IMG_3057.jpg]
[mikvachallenge.org/wp-content/uploads/2019/05/youth-voices-_0007_Aakilah-1280x720.jpg]
[mikvachallenge.org/wp-content/uploads/2019/05/youth-voices-_0006_Jalen-1280x720.jpg]
[mikvachallenge.org/wp-content/uploads/2019/05/0000_SCK-2017-05-23-1163.jpg]
[mikvachallenge.org/our-work/youth-voices/index.html]
[mikvachallenge.org/wp-json/oembed/1.0/embedf4e5.json]
[mikvachallenge.org/wp-json/oembed/1.0/embedc5d7]
[mikvachallenge.org/wp-content/uploads/2019/05/SCK-2015-05-19-4136.jpg]
[i3.ytimg.com/vi/FEuhhv_rjwA/maxresdefault.jpg]
[i3.ytimg.com/vi/0PmipNmT4Rk/maxresdefault.jpg]
[mikvachallenge.org/our-work/reflections/index.html]
[mikvachallenge.org/wp-json/oembed/1.0/embed2bde.json]
[mikvachallenge.org/wp-json/oembed/1.0/embede5c2]
[mikvachallenge.org/teacher-resources/index.html]
[mikvachallenge.org/wp-json/oembed/1.0/embedffce.json]
[mikvachallenge.org/wp-json/oembed/1.0/embed945f]
[mikvachallenge.org/wp-content/uploads/2019/05/Mikva_soapbox_080416-1721.jpg]
[mikvachallenge.org/wp-content/uploads/2019/05/Mikva_soapbox_080416-1818.jpg]
[mikvachallenge.org/locations/index.html]
[mikvachallenge.org/wp-json/oembed/1.0/embed7023.json]
[mikvachallenge.org/wp-json/oembed/1.0/embedbc80]
[mikvachallenge.org/wp-content/uploads/2019/05/20180522_CHI_MikvaCivicsFair_00692-11.jpg]
[mikvachallenge.org/wp-content/uploads/2020/04/news-background-generic-1.png]
[mikvachallenge.org/wp-content/uploads/2020/05/Screen-Shot-2020-05-08-at-2.35.34-PM.png]
[mikvachallenge.org/blog/the-mikva-challenge-a-new-curriculum-for-nh-schools/index.html]
[mikvachallenge.org/locations/illinois/index.html]
[mikvachallenge.org/blog/help-students-amplify-their-voice-mikvaquaranteenchallenge/index.html]
[mikvachallenge.org/wp-json/oembed/1.0/embedd303.json]
[mikvachallenge.org/wp-json/oembed/1.0/embedc782]
[mikvachallenge.org/wp-content/uploads/2019/05/20181114_1512151.jpg]
[mikvachallenge.org/locations/california/index.html]
[mikvachallenge.org/wp-json/oembed/1.0/embedff47.json]
[mikvachallenge.org/wp-json/oembed/1.0/embed4173]
[mikvachallenge.org/wp-content/uploads/2019/07/IMG_3667.jpg]
[mikvachallenge.org/wp-content/uploads/2020/04/news-background-generic-apricot.png]
[scontent-iad3-1.cdninstagram.com/v/t51.2885-15/101514603_1153300261702459_3424794057825099324_n6948.jpg]
[mikvachallenge.org/blog/high-school-sophomore-part-of-national-youth-group-documenting-covid-19-experience/index.html]
[mikvachallenge.org/locations/washington-dc/index.html]
[mikvachallenge.org/wp-json/oembed/1.0/embed23d5.json]
[mikvachallenge.org/wp-json/oembed/1.0/embed0642]
[mikvachallenge.org/wp-content/uploads/2019/05/20180522_CHI_MikvaCivicsFair_00776-1-1.jpg]
[mikvachallenge.org/locations/partner-sites/index.html]
[mikvachallenge.org/news/page/2/index.html]
[mikvachallenge.org/wp-content/uploads/2020/06/Mikva-is-your-school-ready-1024x1024.png]
[mikvachallenge.org/wp-content/uploads/2020/06/Screen-Shot-2020-06-03-at-8.08.11-PM-1280x564.png]
[mikvachallenge.org/wp-content/uploads/2020/06/kfKPrNBw-1280x853.jpg]
[mikvachallenge.org/wp-content/uploads/2020/04/IMG_0162-1022x1024.jpg]
[mikvachallenge.org/blog/wusa9-we-are-the-people-most-at-stake-local-teenagers-lead-national-conversation-on-covid-19-and-young-people/index.html]
[mikvachallenge.org/wp-content/uploads/2020/04/ruben-rodriguez-IXTvnOOSTyU-unsplash-576x1024.jpg]
[mikvachallenge.org/wp-content/uploads/2020/04/Screen-Shot-2020-04-23-at-12.52.23-PM-1280x661.png]
[mikvachallenge.org/wp-content/uploads/2020/04/Screen-Shot-2020-04-22-at-2.30.55-PM-1280x717.png]
[mikvachallenge.org/blog/teacher-spotlight-fabiana-muench-casanova/index.html]
[mikvachallenge.org/wp-content/uploads/2020/03/download_20200106_193803-576x1024.12e.delayed]
[mikvachallenge.org/blog/illinois-students-grapple-with-a-lost-senior-year-due-to-covid-19/index.html]
[mikvachallenge.org/blog/governor-pritzker-announces-new-statewide-telehealth-programs-mental-health-support-hotline/index.html]
[mikvachallenge.org/wp-content/uploads/2020/02/unnamed.jpg]
[mikvachallenge.org/blog/abc-gov-pritzker-hosts-virtual-youth-town-hall/index.html]
[mikvachallenge.org/wp-content/uploads/2020/02/iowa30-1280x960.jpg]
[mikvachallenge.org/wp-content/uploads/2020/02/20200118_114404-1280x720.jpg]
[mikvachallenge.org/wp-content/uploads/2020/02/Mikva-9-1280x853.jpg]
[mikvachallenge.org/news/index.html]
[mikvachallenge.org/blog/its-ok-to-feel-pritzker-announces-coronavirus-support-lines/index.html]
[mikvachallenge.org/blog/chicago-sun-times-students-wonder-when-they-can-return-to-school-during-gov-pritzkers-live-streamed-town-hall-for-youth/index.html]
[mikvachallenge.org/blog/national-youth-response-movement/index.html]
[mikvachallenge.org/blog/city-kicks-off-annual-teen-voter-drive-in-long-island-city/index.html]
[mikvachallenge.org/wp-json/oembed/1.0/embed2f7b.json]
[mikvachallenge.org/blog/vernee-green-named-illinois-executive-director/index.html]
[mikvachallenge.org/wp-json/oembed/1.0/embed66f4]
[mikvachallenge.org/wp-content/uploads/2019/05/201805_ChiMikvaCivicsFair_025.jpg]
[mikvachallenge.org/blog/d204-students-go-to-the-2020-iowa-caucuses/index.html]
[mikvachallenge.org/contact/index.html]
[mikvachallenge.org/blog/chicago-tribune-students-from-indian-prairie-district-204-to-aid-and-observe-in-iowa-caucus-process-monday/index.html]
[mikvachallenge.org/blog/houston-chronicle-as-democratic-primaries-near-educators-can-teach-hope-to-a-polarized-citizenry/index.html]
[mikvachallenge.org/wp-json/oembed/1.0/embed6fca.json]
[mikvachallenge.org/wp-json/oembed/1.0/embeda456]
[mikvachallenge.org/blog/is-your-school-ready/feed/index.html]
[mikvachallenge.org/blog/is-your-school-ready/index.html]
[mikvachallenge.org/wp-json/oembed/1.0/embedd703.json]
[mikvachallenge.org/blog/mikva-dc-educators-on-serving-their-students-during-covid-19/feed/index.html]
[mikvachallenge.org/wp-json/oembed/1.0/embed1793]
[mikvachallenge.org/blog/mikva-dc-educators-on-serving-their-students-during-covid-19/index.html]
[mikvachallenge.org/wp-json/oembed/1.0/embed9469.json]
[mikvachallenge.org/blog/outpouring-of-support-for-chicagolands-youth/feed/index.html]
[mikvachallenge.org/wp-json/oembed/1.0/embedfd56]
[mikvachallenge.org/wp-content/uploads/2020/01/alstate.png]
[mikvachallenge.org/wp-content/uploads/2020/01/GCM-Grosvenor-Logo-Vector.png]
[mikvachallenge.org/wp-content/uploads/2020/01/1af2f61a-bafb-4844-9cb8-572d5d62ed55.png]
[mikvachallenge.org/wp-content/uploads/2020/01/ATGAttorneys-Title-Color-534.png]
[mikvachallenge.org/wp-content/uploads/2020/01/bcbsil_logo_-1-e1590161946831.png]
[mikvachallenge.org/blog/outpouring-of-support-for-chicagolands-youth/index.html]
[mikvachallenge.org/wp-json/oembed/1.0/embed9dfa.json]
[mikvachallenge.org/wp-json/oembed/1.0/embed25fb]
[mikvachallenge.org/wp-content/uploads/2020/04/ruben-rodriguez-IXTvnOOSTyU-unsplash-scaled.jpg]
[mikvachallenge.org/media/index.html]
[mikvachallenge.org/wp-json/oembed/1.0/embed0151.json]
[mikvachallenge.org/wp-json/oembed/1.0/embedc3c9]
[mikvachallenge.org/wp-content/uploads/2019/06/Mikva-2018-Dec-193.jpg]
[mikvachallenge.org/wp-content/uploads/2019/05/mikva-challenge-annual-report-2018.pdf]
[mikvachallenge.org/wp-content/uploads/2019/05/mikva-challenge-annual-report-2017.pdf]
[mikvachallenge.org/wp-content/uploads/2019/05/mikva-challenge-annual-report-2016.pdf]
[mikvachallenge.org/wp-content/uploads/2019/05/mikva-challenge-annual-report-2015.pdf]
[mikvachallenge.org/wp-content/uploads/2019/05/mikva-challenge-grand-foundation-inc-2017-years-ended-june-30-2017-and-2016.pdf]
[mikvachallenge.org/wp-content/uploads/2019/06/MIKVA-CHALLENGE-GRANT-FOUNDATION-INC-2018-YEARS-ENDED-JUNE-30-2018-AND-2017.pdf]
[mikvachallenge.org/wp-content/uploads/2019/06/990-Public-Disclosure-doc.pdf]
[mikvachallenge.org/annual-reports/index.html]
[mikvachallenge.org/wp-json/oembed/1.0/embed93d2.json]
[mikvachallenge.org/wp-json/oembed/1.0/embed3029]
[mikvachallenge.org/wp-content/uploads/2019/09/you-x-ventures-m2TU2gfqSeE-unsplash.png]
[mikvachallenge.org/wp-content/uploads/2019/09/TRSE-Speaking-w-Confidence-Listening-w-Empathy-1.26.18FINAL.pdf]
[mikvachallenge.org/wp-content/uploads/2019/09/Andolina-Conklin-2019-AERJ-Online-first.pdf]
[mikvachallenge.org/white-papers/index.html]
[mikvachallenge.org/wp-json/oembed/1.0/embed309d.json]
[mikvachallenge.org/wp-json/oembed/1.0/embed4c15]
[mikvachallenge.org/wp-content/uploads/2019/09/IMG_5976.jpg]
[mikvachallenge.org/wp-content/uploads/2019/10/Impacts_Mikva-Challenge.pdf]
[mikvachallenge.org/wp-content/uploads/2019/09/Action-Civics-Curriculum.pdf]
[mikvachallenge.org/wp-content/uploads/2019/10/Professional-Development-Options.pdf]
[mikvachallenge.org/wp-content/uploads/2019/10/Why-Action-Civics.pdf]
[mikvachallenge.org/wp-content/uploads/2019/10/Impact-on-social-emotional-learning.pdf]
[scontent-iad3-1.cdninstagram.com/v/t51.2885-15/101938103_182452706479845_2368500182729213479_n2861.jpg]
[mikvachallenge.org/fact-sheets/index.html]
[mikvachallenge.org/wp-json/oembed/1.0/embede7a7.json]
[mikvachallenge.org/wp-json/oembed/1.0/embed5e89]
[mikvachallenge.org/wp-content/uploads/2020/03/shutterstock_594030182-scaled.jpg]
[mikvachallenge.org/wp-content/uploads/2020/04/Coming-soon.png]
[mikvachallenge.org/wp-content/uploads/2020/03/Virtual-Assignments.png]
[mikvachallenge.org/wp-content/uploads/2020/03/Soapbox-Nation.png]
[mikvachallenge.org/wp-content/uploads/2020/04/MOVEMENT.jpg]
[mikvachallenge.org/wp-content/uploads/2020/04/youth-talk.png]
[mikvachallenge.org/wp-content/uploads/2020/03/Teacher-Happy-Hour.png]
[mikvachallenge.org/wp-content/uploads/2020/03/More-Resources.png]
[mikvachallenge.org/virtualresources/index.html]
[mikvachallenge.org/wp-json/oembed/1.0/embede0d0.json]
[mikvachallenge.org/wp-json/oembed/1.0/embeddb71]
[mikvachallenge.org/wp-content/uploads/2019/06/IMG_93841.jpg]
[mikvachallenge.org/wp-content/uploads/2019/06/DSC_02331.jpg]
[mikvachallenge.org/curricula/index.html]
[mikvachallenge.org/purchase-mikva-curricula/index.html]
[mikvachallenge.org/wp-json/oembed/1.0/embed2129.json]
[mikvachallenge.org/teacher-resources/professional-development/index.html]
[mikvachallenge.org/wp-json/oembed/1.0/embedd960]
[mikvachallenge.org/wp-json/oembed/1.0/embed81a7.json]
[mikvachallenge.org/teacher-resources/mikva-action-civics-summer-institute/index.html]
[mikvachallenge.org/wp-json/oembed/1.0/embed7834]
[mikvachallenge.org/wp-json/oembed/1.0/embed4c59.json]
[mikvachallenge.org/wp-json/oembed/1.0/embedb3e6]
[mikvachallenge.org/wp-content/uploads/2019/06/MIKVA-Action-Civic-2019-166.jpg]
[mikvachallenge.org/wp-content/uploads/2019/06/MIKVA-Action-Civic-2019-129.jpg]
[mikvachallenge.org/get-involved/volunteers/index.html]
[p.typekit.net/p8caa.css]
[mikvachallenge.org/wp-content/plugins/instagram-feed-pro/css/owl.video.play.html]
[mikvachallenge.org/wp-content/themes/radracer4.1/webfonts/latinotype_-_recoleta_alt_bold.svg]
[mikvachallenge.org/wp-content/themes/radracer4.1/img/search.svg]
[mikvachallenge.org/wp-content/themes/radracer4.1/img/expander-arrow.svg]
[mikvachallenge.org/index7058.html]
[mikvachallenge.org/blog/category/news/index.html]
[mikvachallenge.org/blog/category/news/feed/index.html]
[mikvachallenge.org/blog/category/events/index.html]
[mikvachallenge.org/index0b69.html]
[mikvachallenge.org/get-involved/donate/index.html]
[mikvachallenge.org/index3e6e.html]
[mikvachallenge.org/index0e62.html]
[mikvachallenge.org/wp-content/plugins/gravityforms/css/formreset.min02fa.css]
[mikvachallenge.org/wp-content/plugins/gravityforms/images/gf-creditcard-icons.svg]
[mikvachallenge.org/blog/category/events/feed/index.html]
[mikvachallenge.org/wp-content/plugins/gravityforms/css/chosen-sprite.png]
[mikvachallenge.org/wp-content/plugins/gravityforms/css/chosen-sprite@2x.png]
[mikvachallenge.org/wp-content/plugins/gravityforms/css/formsmain.min02fa.css]
[mikvachallenge.org/wp-content/plugins/gravityforms/css/readyclass.min02fa.css]
[mikvachallenge.org/wp-content/plugins/gravityforms/css/browsers.min02fa.css]
[mikvachallenge.org/index0735.html]
[mikvachallenge.org/wp-json/oembed/1.0/embed8ffb.json]
[mikvachallenge.org/wp-json/oembed/1.0/embed9945]
[mikvachallenge.org/wp-content/uploads/2019/09/MIKVA-Action-Civic-2019-178-e1571329669497.jpg]
[mikvachallenge.org/general-program-application/index.html]
[mikvachallenge.org/general-program-application-english/index.html]
[mikvachallenge.org/wp-json/oembed/1.0/embed85a7.json]
[mikvachallenge.org/wp-json/oembed/1.0/embed883d]
[mikvachallenge.org/wp-content/uploads/2019/06/SoapboxNation41.jpg]
[mikvachallenge.org/our-work/programs/project-soapbox/index.html]
[mikvachallenge.org/index0345.html]
[mikvachallenge.org/index2cf9.html]
[mikvachallenge.org/soapbox-nation/index.html]
[mikvachallenge.org/blog/mikva-challenge-dc-2020-spring-benefit/feed/index.html]
[mikvachallenge.org/wp-json/oembed/1.0/embed5707.json]
[mikvachallenge.org/wp-json/oembed/1.0/embed49ae]
[mikvachallenge.org/wp-content/uploads/2020/01/DC-BANNER-01-800x282.png]
[mikvachallenge.org/blog/mikva-challenge-dc-2020-spring-benefit/index.html]
[mikvachallenge.org/blog/21st-annual-spring-benefit/feed/index.html]
[mikvachallenge.org/wp-json/oembed/1.0/embed4f9f.json]
[mikvachallenge.org/wp-json/oembed/1.0/embed1058]
[mikvachallenge.org/wp-content/uploads/2020/01/Virtual-Sponsorship-Deck_APR-22_FORM.pdf]
[mikvachallenge.org/wp-content/uploads/2020/01/unnamed-2.png]
[mikvachallenge.org/wp-content/uploads/2020/01/unnamed-1.jpg]
[mikvachallenge.org/blog/21st-annual-spring-benefit/index.html]
[mikvachallenge.org/wp-json/oembed/1.0/embedcfa9.json]
[mikvachallenge.org/blog/mikvas-robyn-lingo-sits-in-on-the-kojo-nnamdi-show-what-do-local-students-think-of-national-politics/feed/index.html]
[mikvachallenge.org/wp-json/oembed/1.0/embed770a]
[mikvachallenge.org/blog/mikvas-robyn-lingo-sits-in-on-the-kojo-nnamdi-show-what-do-local-students-think-of-national-politics/index.html]
[mikvachallenge.org/wp-json/oembed/1.0/embedba69.json]
[mikvachallenge.org/wp-json/oembed/1.0/embed0efc]
[mikvachallenge.org/blog/young-people-are-leaders-now/feed/index.html]
[mikvachallenge.org/blog/young-people-are-leaders-now/index.html]
[mikvachallenge.org/wp-json/oembed/1.0/embedd497.json]
[mikvachallenge.org/wp-json/oembed/1.0/embede8fb]
[mikvachallenge.org/blog/is-democracy-a-verb/feed/index.html]
[mikvachallenge.org/blog/is-democracy-a-verb/index.html]
[mikvachallenge.org/wp-json/oembed/1.0/embed5848.json]
[mikvachallenge.org/blog/summer-institute-2019/feed/index.html]
[mikvachallenge.org/wp-json/oembed/1.0/embedbb86]
[mikvachallenge.org/blog/summer-institute-2019/index.html]
[mikvachallenge.org/wp-json/oembed/1.0/embededba.json]
[mikvachallenge.org/blog/soapbox-nation-youth-speech-showcase/feed/index.html]
[mikvachallenge.org/wp-json/oembed/1.0/embed23b4]
[mikvachallenge.org/blog/soapbox-nation-youth-speech-showcase/index.html]
[mikvachallenge.org/index88b9.html]
[mikvachallenge.org/wp-json/oembed/1.0/embed5e40.json]
[mikvachallenge.org/wp-json/oembed/1.0/embedf86e]
[mikvachallenge.org/careers/major-gifts-officer-full-time/index.html]
[mikvachallenge.org/index3ba0.html]
[mikvachallenge.org/indexfbd5.html]
[mikvachallenge.org/index49b1.html]
[mikvachallenge.org/index7ea6.html]
[mikvachallenge.org/index94b0.html]
[mikvachallenge.org/index6aed.html]
[mikvachallenge.org/index3c55.html]
[mikvachallenge.org/wp-json/oembed/1.0/embedb24b.json]
[mikvachallenge.org/wp-json/oembed/1.0/embed1d4a]
[mikvachallenge.org/wp-content/uploads/2019/05/0006_Mikva_071916_0191.jpg]
[mikvachallenge.org/wp-content/uploads/2019/05/0003_Mikva_071916_0955.jpg]
[mikvachallenge.org/our-work/programs/action-civics-classrooms/index.html]
[mikvachallenge.org/wp-json/oembed/1.0/embed1594.json]
[mikvachallenge.org/wp-json/oembed/1.0/embed6e39]
[mikvachallenge.org/our-work/programs/action-civics-classrooms/showcasing-youth-action/index.html]
[mikvachallenge.org/wp-json/oembed/1.0/embed9c84.json]
[mikvachallenge.org/wp-json/oembed/1.0/embed6e1f]
[mikvachallenge.org/our-work/programs/action-civics-classrooms/issues-to-action/index.html]
[mikvachallenge.org/wp-json/oembed/1.0/embedb41e.json]
[mikvachallenge.org/wp-json/oembed/1.0/embedaaef]
[mikvachallenge.org/wp-content/uploads/2019/05/Mikva_soapbox_080416-1569.jpg]
[mikvachallenge.org/wp-content/uploads/2019/05/IMG_87071.jpg]
[mikvachallenge.org/our-work/programs/elections-and-campaign-experiences/index.html]
[mikvachallenge.org/wp-json/oembed/1.0/embed8508.json]
[mikvachallenge.org/wp-json/oembed/1.0/embed78cc]
[mikvachallenge.org/our-work/programs/youth-led-advocacy/index.html]
[mikvachallenge.org/wp-json/oembed/1.0/embed5edd.json]
[mikvachallenge.org/wp-json/oembed/1.0/embed2d40]
[mikvachallenge.org/wp-content/uploads/2019/05/Copy-of-IMG_2120-e1507819327666-1280x596.jpg]
[mikvachallenge.org/our-work/programs/youth-led-advocacy/teen-health-council/index.html]
[mikvachallenge.org/wp-json/oembed/1.0/embed7d74.json]
[mikvachallenge.org/wp-json/oembed/1.0/embed222f]
[mikvachallenge.org/wp-content/uploads/2019/05/SAC_-Dr-Jackson-e1490645217812-1280x770.jpg]
[mikvachallenge.org/our-work/programs/youth-led-advocacy/cps-student-advisory-council/index.html]
[mikvachallenge.org/wp-json/oembed/1.0/embed8de9.json]
[mikvachallenge.org/wp-json/oembed/1.0/embede363]
[mikvachallenge.org/wp-content/uploads/2019/05/JJC-DM-2016-e1485378049196-1280x650.jpg]
[mikvachallenge.org/wp-content/uploads/2019/05/How-might-we-improve-the-experiences-and-outcomes-of-young-people-in-juvenile-court_.pdf]
[mikvachallenge.org/wp-content/uploads/2019/05/Read-the-letter-written-by-Bilqis-Jacobs-El-Director-Facilities-Management-at-Cook-County-about-her-partnership-with-Mikvas-Juvenile-Justice-Co]
[mikvachallenge.org/wp-content/uploads/2019/05/JuvenileJusticeCouncilSummer2016Report.pdf]
[mikvachallenge.org/wp-content/uploads/2019/05/Mikva-Challenge-JJC-2013-Final-Report.pdf]
[mikvachallenge.org/our-work/programs/youth-led-advocacy/juvenile-justice-council/index.html]
[mikvachallenge.org/wp-json/oembed/1.0/embed5859.json]
[mikvachallenge.org/wp-json/oembed/1.0/embedef9a]
[scontent-iad3-1.cdninstagram.com/v/t51.2885-15/102557352_710398599518726_7963676269435461456_n8cdc.jpg]
[mikvachallenge.org/our-work/programs/youth-led-advocacy/chicago-housing-authority-youth-council/index.html]
[mikvachallenge.org/wp-json/oembed/1.0/embedc8fc.json]
[mikvachallenge.org/wp-json/oembed/1.0/embed2293]
[mikvachallenge.org/wp-content/uploads/2019/05/20690113_10155674027524612_3627563675596206860_o-e1518571764917-1280x590.jpg]
[mikvachallenge.org/our-work/programs/youth-led-advocacy/youth-safety-advisory-council/index.html]
[mikvachallenge.org/indexa828.html]
[mikvachallenge.org/index5643.html]
[mikvachallenge.org/index6c46.html]
[mikvachallenge.org/index1e7e.html]
[mikvachallenge.org/index0d0b.html]
[mikvachallenge.org/index438f.html]
[mikvachallenge.org/indexb93f.html]
[mikvachallenge.org/index2915.html]
[mikvachallenge.org/wp-json/oembed/1.0/embed286d.json]
[mikvachallenge.org/blog/the-mikva-challenge-a-new-curriculum-for-nh-schools/feed/index.html]
[mikvachallenge.org/wp-json/oembed/1.0/embedd101]
[mikvachallenge.org/blog/the-mikva-challenge-a-new-curriculum-for-nh-schools/index.html]
[mikvachallenge.org/wp-json/oembed/1.0/embed93c1.json]
[mikvachallenge.org/blog/help-students-amplify-their-voice-mikvaquaranteenchallenge/feed/index.html]
[mikvachallenge.org/wp-json/oembed/1.0/embed00a5]
[mikvachallenge.org/wp-content/uploads/2020/05/Get-Up.-Speak-Up-600x600.jpg]
[mikvachallenge.org/blog/help-students-amplify-their-voice-mikvaquaranteenchallenge/index.html]
[mikvachallenge.org/indexef92.html]
[mikvachallenge.org/index2e31.html]
[mikvachallenge.org/wp-json/oembed/1.0/embed68a6.json]
[mikvachallenge.org/blog/high-school-sophomore-part-of-national-youth-group-documenting-covid-19-experience/feed/index.html]
[mikvachallenge.org/wp-json/oembed/1.0/embed289c]
[mikvachallenge.org/blog/high-school-sophomore-part-of-national-youth-group-documenting-covid-19-experience/index.html]
[scontent-mia3-2.cdninstagram.com/v/t51.29350-15/93715726_2617007731904456_7777509160128674009_n4ee1.jpg]
[scontent-mia3-2.xx.fbcdn.net/v/t51.2885-15/91447067_664242474404662_6652941807833099621_n0f44.jpg]
[mikvachallenge.org/index8bdf.html]
[mikvachallenge.org/news/page/2/index.html]
[mikvachallenge.org/blog/wusa9-we-are-the-people-most-at-stake-local-teenagers-lead-national-conversation-on-covid-19-and-young-people/feed/index.html]
[mikvachallenge.org/news/page/3/index.html]
[mikvachallenge.org/wp-json/oembed/1.0/embed9144.json]
[mikvachallenge.org/wp-json/oembed/1.0/embed622e]
[mikvachallenge.org/blog/wusa9-we-are-the-people-most-at-stake-local-teenagers-lead-national-conversation-on-covid-19-and-young-people/index.html]
[mikvachallenge.org/wp-json/oembed/1.0/embedee13.json]
[mikvachallenge.org/blog/teacher-spotlight-fabiana-muench-casanova/feed/index.html]
[mikvachallenge.org/wp-json/oembed/1.0/embedb59c]
[mikvachallenge.org/blog/teacher-spotlight-fabiana-muench-casanova/index.html]
[mikvachallenge.org/wp-json/oembed/1.0/embedf4d0.json]
[mikvachallenge.org/blog/illinois-students-grapple-with-a-lost-senior-year-due-to-covid-19/feed/index.html]
[mikvachallenge.org/wp-json/oembed/1.0/embed1da8]
[mikvachallenge.org/blog/illinois-students-grapple-with-a-lost-senior-year-due-to-covid-19/index.html]
[mikvachallenge.org/wp-json/oembed/1.0/embed22f4.json]
[mikvachallenge.org/blog/governor-pritzker-announces-new-statewide-telehealth-programs-mental-health-support-hotline/feed/index.html]
[mikvachallenge.org/wp-json/oembed/1.0/embed5591]
[mikvachallenge.org/blog/governor-pritzker-announces-new-statewide-telehealth-programs-mental-health-support-hotline/index.html]
[mikvachallenge.org/wp-json/oembed/1.0/embedb9f5.json]
[mikvachallenge.org/blog/abc-gov-pritzker-hosts-virtual-youth-town-hall/feed/index.html]
[mikvachallenge.org/wp-json/oembed/1.0/embedc056]
[mikvachallenge.org/blog/abc-gov-pritzker-hosts-virtual-youth-town-hall/index.html]
[mikvachallenge.org/wp-json/oembed/1.0/embed9b14.json]
[mikvachallenge.org/blog/its-ok-to-feel-pritzker-announces-coronavirus-support-lines/feed/index.html]
[mikvachallenge.org/wp-json/oembed/1.0/embed9525]
[mikvachallenge.org/blog/its-ok-to-feel-pritzker-announces-coronavirus-support-lines/index.html]
[mikvachallenge.org/wp-json/oembed/1.0/embed7fc4.json]
[mikvachallenge.org/blog/chicago-sun-times-students-wonder-when-they-can-return-to-school-during-gov-pritzkers-live-streamed-town-hall-for-youth/feed/index.html]
[mikvachallenge.org/wp-json/oembed/1.0/embedf7ca]
[mikvachallenge.org/blog/chicago-sun-times-students-wonder-when-they-can-return-to-school-during-gov-pritzkers-live-streamed-town-hall-for-youth/index.html]
[mikvachallenge.org/wp-json/oembed/1.0/embedb450.json]
[mikvachallenge.org/blog/national-youth-response-movement/feed/index.html]
[mikvachallenge.org/wp-json/oembed/1.0/embed36c3]
[scontent-mia3-1.cdninstagram.com/v/t51.2885-15/97071524_159071068940722_1335581335712145586_n4b38.jpg]
[mikvachallenge.org/blog/national-youth-response-movement/index.html]
[mikvachallenge.org/wp-json/oembed/1.0/embedd7a0.json]
[mikvachallenge.org/blog/city-kicks-off-annual-teen-voter-drive-in-long-island-city/feed/index.html]
[mikvachallenge.org/wp-json/oembed/1.0/embedb9e3]
[mikvachallenge.org/blog/city-kicks-off-annual-teen-voter-drive-in-long-island-city/index.html]
[mikvachallenge.org/wp-json/oembed/1.0/embedbc67.json]
[mikvachallenge.org/blog/vernee-green-named-illinois-executive-director/feed/index.html]
[mikvachallenge.org/wp-json/oembed/1.0/embedc706]
[mikvachallenge.org/blog/vernee-green-named-illinois-executive-director/index.html]
[mikvachallenge.org/wp-json/oembed/1.0/embed5927.json]
[mikvachallenge.org/blog/d204-students-go-to-the-2020-iowa-caucuses/feed/index.html]
[mikvachallenge.org/wp-json/oembed/1.0/embed9dce]
[mikvachallenge.org/blog/d204-students-go-to-the-2020-iowa-caucuses/index.html]
[mikvachallenge.org/wp-json/oembed/1.0/embed1c17.json]
[mikvachallenge.org/blog/chicago-tribune-students-from-indian-prairie-district-204-to-aid-and-observe-in-iowa-caucus-process-monday/feed/index.html]
[mikvachallenge.org/wp-json/oembed/1.0/embed3d47]
[mikvachallenge.org/blog/chicago-tribune-students-from-indian-prairie-district-204-to-aid-and-observe-in-iowa-caucus-process-monday/index.html]
[mikvachallenge.org/wp-json/oembed/1.0/embedab05.json]
[mikvachallenge.org/blog/houston-chronicle-as-democratic-primaries-near-educators-can-teach-hope-to-a-polarized-citizenry/feed/index.html]
[mikvachallenge.org/wp-json/oembed/1.0/embed0dfb]
[mikvachallenge.org/blog/houston-chronicle-as-democratic-primaries-near-educators-can-teach-hope-to-a-polarized-citizenry/index.html]
[mikvachallenge.org/index2dc8.html]
[mikvachallenge.org/index5f3b.html]
[mikvachallenge.org/index9a13.html]
[mikvachallenge.org/index6ab2.html]
[mikvachallenge.org/indexf604.html]
[mikvachallenge.org/index371d.html]
[mikvachallenge.org/index7d26.html]
[mikvachallenge.org/index2bbf.html]
[mikvachallenge.org/index6b54.html]
[scontent-mia3-2.xx.fbcdn.net/v/t51.2885-15/94692020_260302648442381_8886837265136368111_n62de.jpg]
[scontent-mia3-2.xx.fbcdn.net/v/t51.2885-15/95568138_551433142477812_1974275514670658257_ne90e.jpg]
[scontent-iad3-1.xx.fbcdn.net/v/t51.2885-15/94436217_224336605515474_3066468530413532811_nde5b.jpg]
[mikvachallenge.org/index9717.html]
[mikvachallenge.org/wp-json/oembed/1.0/embed143b.json]
[mikvachallenge.org/wp-json/oembed/1.0/embed6b57]
[mikvachallenge.org/wp-content/uploads/2019/09/Screen-Shot-2019-09-23-at-1.29.57-PM.png]
[mikvachallenge.org/purchase-mikva-curricula/index.html]
[mikvachallenge.org/index28e4.html]
[mikvachallenge.org/index8469.html]
[mikvachallenge.org/index341b.html]
[mikvachallenge.org/wp-content/plugins/gravityforms/images/gf-creditcard-icons.svg]
[mikvachallenge.org/indexd821.html]
[mikvachallenge.org/wp-json/oembed/1.0/embedfc51.json]
[mikvachallenge.org/general-program-application-english/index.html]
[mikvachallenge.org/indexb544.html]
[mikvachallenge.org/wp-json/oembed/1.0/embedfdb7]
[mikvachallenge.org/wp-json/oembed/1.0/embedad85.json]
[mikvachallenge.org/wp-json/oembed/1.0/embede921]
[mikvachallenge.org/wp-content/uploads/2019/10/FB_Education_Logo_Stacked-e1572982934294.jpg]
[mikvachallenge.org/soapbox-nation/index.html]
[mikvachallenge.org/indexd512.html]
[mikvachallenge.org/indexac7a.html]
[mikvachallenge.org/index291c.html]
[mikvachallenge.org/indexcf80.html]
[mikvachallenge.org/indexcc4a.html]
[mikvachallenge.org/index1f47.html]
[mikvachallenge.org/index688d.html]
[mikvachallenge.org/index98c0.html]
[mikvachallenge.org/index3c21.html]
[mikvachallenge.org/index6e25.html]
[mikvachallenge.org/index81f9.html]
[mikvachallenge.org/index91a7.html]
[mikvachallenge.org/index1140.html]
[mikvachallenge.org/blog/mikva-students-from-across-the-nation-form-a-youth-advisory-council-in-response-to-covid-19/index.html]
[mikvachallenge.org/indexfae6.html]
[mikvachallenge.org/indexb443.html]
[mikvachallenge.org/indexe4f6.html]
[mikvachallenge.org/indexb5de.html]
[mikvachallenge.org/indexefe6.html]
[mikvachallenge.org/indexeeb5.html]
[mikvachallenge.org/index0467.html]
[mikvachallenge.org/index7110.html]
[mikvachallenge.org/news/page/3/index.html]
[mikvachallenge.org/index8516.html]
[mikvachallenge.org/indexad39.html]
[mikvachallenge.org/indexd0c2.html]
[mikvachallenge.org/index2451.html]
[mikvachallenge.org/index4024.html]
[mikvachallenge.org/index297a.html]
[mikvachallenge.org/indexd661.html]
[mikvachallenge.org/index6a74.html]
[mikvachallenge.org/index27bb.html]
[mikvachallenge.org/indexcdcf.html]
[mikvachallenge.org/indexfcdb.html]
[mikvachallenge.org/indexb172.html]
[mikvachallenge.org/indexfa50.html]
[mikvachallenge.org/index3b39.html]
[mikvachallenge.org/index3abf.html]
[mikvachallenge.org/index99d5.html]
[mikvachallenge.org/news/page/4/index.html]
[mikvachallenge.org/news/page/4/index.html]
[mikvachallenge.org/news/page/5/index.html]
[mikvachallenge.org/news/page/5/index.html]
[mikvachallenge.org/news/page/6/index.html]
[mikvachallenge.org/news/page/6/index.html]
[mikvachallenge.org/news/page/7/index.html]
[mikvachallenge.org/news/page/7/index.html]
[mikvachallenge.org/news/page/8/index.html]
[mikvachallenge.org/news/page/8/index.html]
[mikvachallenge.org/news/page/9/index.html]
[mikvachallenge.org/news/page/9/index.html]
[mikvachallenge.org/news/page/10/index.html]
[mikvachallenge.org/news/page/10/index.html]
[mikvachallenge.org/news/page/11/index.html]
[mikvachallenge.org/news/page/11/index.html]
[mikvachallenge.org/news/page/12/index.html]
[mikvachallenge.org/news/page/12/index.html]
[mikvachallenge.org/news/page/13/index.html]
[mikvachallenge.org/news/page/13/index.html]
[mikvachallenge.org/news/page/14/index.html]
[mikvachallenge.org/news/page/14/index.html]
[mikvachallenge.org/news/page/15/index.html]
[mikvachallenge.org/news/page/15/index.html]
[mikvachallenge.org/news/page/16/index.html]
[mikvachallenge.org/news/page/16/index.html]
[mikvachallenge.org/news/page/17/index.html]
[mikvachallenge.org/news/page/17/index.html]
[mikvachallenge.org/news/page/18/index.html]
[mikvachallenge.org/news/page/18/index.html]
[mikvachallenge.org/news/page/19/index.html]
[mikvachallenge.org/news/page/19/index.html]
[mikvachallenge.org/news/page/20/index.html]
[mikvachallenge.org/news/page/20/index.html]
[mikvachallenge.org/news/page/21/index.html]
[mikvachallenge.org/news/page/21/index.html]
[mikvachallenge.org/news/page/22/index.html]
[mikvachallenge.org/news/page/22/index.html]
[mikvachallenge.org/news/page/23/index.html]
[mikvachallenge.org/news/page/23/index.html]
[mikvachallenge.org/news/page/24/index.html]
[mikvachallenge.org/news/page/24/index.html]
[mikvachallenge.org/news/page/25/index.html]
[mikvachallenge.org/news/page/25/index.html]
[mikvachallenge.org/news/page/26/index.html]
[mikvachallenge.org/news/page/26/index.html]
[mikvachallenge.org/news/page/27/index.html]
[mikvachallenge.org/news/page/27/index.html]
[mikvachallenge.org/news/page/28/index.html]
[mikvachallenge.org/news/page/28/index.html]
[mikvachallenge.org/news/page/29/index.html]
[mikvachallenge.org/news/page/29/index.html]
